01:56:21 **** Incremental Build of configuration Debug for project bldc_controller ****
make -j16 all 
arm-none-eabi-gcc "../Src/main.c" -mcpu=cortex-m4 -std=gnu11 -g3 -DDEBUG -DSTM32 -DSTM32G4 -DNUCLEO_G474RE -DSTM32G474RETx -DSTM32G474xx -c -I../Inc -I../Drivers/CMSIS/Device/ST/STM32G4xx/Include -I../Drivers/CMSIS/Include -O0 -ffunction-sections -fdata-sections -Wall -u _printf_float -fstack-usage -fcyclomatic-complexity -MMD -MP -MF"Src/main.d" -MT"Src/main.o" --specs=nano.specs -mfpu=fpv4-sp-d16 -mfloat-abi=hard -mthumb -o "Src/main.o"
arm-none-eabi-gcc -o "bldc_controller.elf" @"objects.list"   -mcpu=cortex-m4 -T"C:\Users\hames\OneDrive\Documents\Engineering\Projects\stm32_motor_controller\bldc_controller\STM32G474RETX_FLASH.ld" --specs=nosys.specs -Wl,-Map="bldc_controller.map" -Wl,--gc-sections -static -u _printf_float --specs=nano.specs -mfpu=fpv4-sp-d16 -mfloat-abi=hard -mthumb -Wl,--start-group -lc -lm -Wl,--end-group
Finished building target: bldc_controller.elf
 
arm-none-eabi-size  bldc_controller.elf 
arm-none-eabi-objdump -h -S bldc_controller.elf  > "bldc_controller.list"
   text	   data	    bss	    dec	    hex	filename
  26900	    484	   1996	  29380	   72c4	bldc_controller.elf
Finished building: default.size.stdout
 
Finished building: bldc_controller.list
 

01:56:22 Build Finished. 0 errors, 0 warnings. (took 1s.172ms)

